// Jest Snapshot v1, https://goo.gl/fbAQLP

exports[`<LoginPage> while logged out matches snapshot 1`] = `ShallowWrapper {}`;
